nohup: ignoring input
Some weights of ViTForImageClassification were not initialized from the model checkpoint at google/vit-base-patch16-224-in21k and are newly initialized: ['classifier.bias', 'classifier.weight']
You should probably TRAIN this model on a down-stream task to be able to use it for predictions and inference.

Image: daisy1.png
class: daisy        prob: 0.826
class: dandelion    prob: 0.0241
class: roses        prob: 0.0357
class: sunflowers   prob: 0.0998
class: tulips       prob: 0.0142

Image: daisy2.png
class: daisy        prob: 0.979
class: dandelion    prob: 0.00765
class: roses        prob: 0.00613
class: sunflowers   prob: 0.00467
class: tulips       prob: 0.00247

Image: dandelion1.png
class: daisy        prob: 0.00611
class: dandelion    prob: 0.982
class: roses        prob: 0.0042
class: sunflowers   prob: 0.0045
class: tulips       prob: 0.00365

Image: dandelion2.png
class: daisy        prob: 0.129
class: dandelion    prob: 0.687
class: roses        prob: 0.0501
class: sunflowers   prob: 0.0355
class: tulips       prob: 0.098

Image: rose1.png
class: daisy        prob: 0.00425
class: dandelion    prob: 0.00232
class: roses        prob: 0.978
class: sunflowers   prob: 0.00438
class: tulips       prob: 0.0114

Image: rose2.png
class: daisy        prob: 0.0046
class: dandelion    prob: 0.00388
class: roses        prob: 0.972
class: sunflowers   prob: 0.00499
class: tulips       prob: 0.0148

Image: sunflower1.png
class: daisy        prob: 0.00606
class: dandelion    prob: 0.00398
class: roses        prob: 0.00226
class: sunflowers   prob: 0.984
class: tulips       prob: 0.00346

Image: sunflower2.png
class: daisy        prob: 0.211
class: dandelion    prob: 0.0585
class: roses        prob: 0.152
class: sunflowers   prob: 0.509
class: tulips       prob: 0.0699

Image: tuilps2.png
class: daisy        prob: 0.00205
class: dandelion    prob: 0.00135
class: roses        prob: 0.00766
class: sunflowers   prob: 0.003
class: tulips       prob: 0.986

Image: tulips1.png
class: daisy        prob: 0.237
class: dandelion    prob: 0.136
class: roses        prob: 0.249
class: sunflowers   prob: 0.129
class: tulips       prob: 0.249

Prediction results saved to: ./prediction_results
